2024-09-10 09:15:42 WARN  [APIController] - Endpoint /api/v1/deprecated será removido em versão futura.